// Jest Snapshot v1, https://goo.gl/fbAQLP

exports[`index tests with a real repository reads a git repo successfully 1`] = `
[
  {
    "authorEmail": "mpackard@wayfair.com",
    "authorName": "mpackard@wayfair.com",
    "date": "Thu, 1 Feb 2018 16:35:05 -0500",
    "filesAdded": [
      {
        "path": "file.txt",
      },
    ],
    "filesDeleted": [],
    "filesModified": [],
    "filesRenamed": [],
    "hash": "99402395036c4282de837cd1d2004ee7b11988bb",
    "message": "added file",
  },
]
`;
