// Jest Snapshot v1, https://goo.gl/fbAQLP

exports[`parseGitLog should return a promise that resolves to git data 1`] = `
[
  {
    "authorEmail": "mpackard@wayfair.com",
    "authorName": "Morgan Packard",
    "date": "Mon, 22 Jan 2018 16:57:54 -0500",
    "filesAdded": [
      {
        "path": "packages/distillery/package-lock.json",
      },
      {
        "path": "packages/distillery/package.json",
      },
      {
        "path": "packages/distillery/src/index.js",
      },
      {
        "path": "packages/git-parse/src/__tests__/index.spec.js",
      },
      {
        "path": "packages/git-parse/src/index.js",
      },
    ],
    "filesDeleted": [
      {
        "path": "packages/git-parse/index.js",
      },
      {
        "path": "packages/raspberry-popsicle/__tests__/index.spec.js",
      },
      {
        "path": "packages/raspberry-popsicle/index.js",
      },
      {
        "path": "packages/raspberry-popsicle/package-lock.json",
      },
      {
        "path": "packages/raspberry-popsicle/package.json",
      },
    ],
    "filesModified": [
      {
        "path": ".babelrc",
      },
      {
        "path": ".eslintrc",
      },
      {
        "path": ".gitignore",
      },
      {
        "path": "README.md",
      },
      {
        "path": "package-lock.json",
      },
      {
        "path": "package.json",
      },
      {
        "path": "packages/git-parse/package-lock.json",
      },
      {
        "path": "packages/git-parse/package.json",
      },
    ],
    "filesRenamed": [
      {
        "newPath": "packages/distillery/src/__tests__/index.spec.js",
        "oldPath": "packages/git-parse/__tests__/index.spec.js",
      },
    ],
    "hash": "e0ee5254a1fc156dd8a3d3f4e8c9322e1fc0793a",
    "message": "add flow",
  },
  {
    "authorEmail": "mpackard@wayfair.com",
    "authorName": "mpackard@wayfair.com",
    "date": "Wed, 10 Jan 2018 17:22:53 -0500",
    "filesAdded": [
      {
        "path": ".babelrc",
      },
      {
        "path": ".eslintignore",
      },
      {
        "path": ".eslintrc",
      },
      {
        "path": ".flowconfig",
      },
      {
        "path": ".prettierrc",
      },
      {
        "path": "package-lock.json",
      },
      {
        "path": "packages/git-parse/__tests__/index.spec.js",
      },
      {
        "path": "packages/git-parse/package-lock.json",
      },
    ],
    "filesDeleted": [],
    "filesModified": [
      {
        "path": "package.json",
      },
      {
        "path": "packages/git-parse/package.json",
      },
    ],
    "filesRenamed": [],
    "hash": "0e8906c1278f4987b5cda2c06307d2dbe44ecded",
    "message": "ESLint is working",
  },
  {
    "authorEmail": "mpackard@wayfair.com",
    "authorName": "mpackard@wayfair.com",
    "date": "Wed, 10 Jan 2018 16:44:52 -0500",
    "filesAdded": [
      {
        "path": ".gitignore",
      },
      {
        "path": "lerna.json",
      },
      {
        "path": "package.json",
      },
      {
        "path": "packages/git-parse/index.js",
      },
      {
        "path": "packages/git-parse/package.json",
      },
      {
        "path": "packages/raspberry-popsicle/__tests__/index.spec.js",
      },
      {
        "path": "packages/raspberry-popsicle/index.js",
      },
      {
        "path": "packages/raspberry-popsicle/package-lock.json",
      },
      {
        "path": "packages/raspberry-popsicle/package.json",
      },
    ],
    "filesDeleted": [],
    "filesModified": [],
    "filesRenamed": [],
    "hash": "7cedc121ee163d859dfdb9911e627d4b5933cc6d",
    "message": "initial setup",
  },
  {
    "authorEmail": "mpackard@wayfair.com",
    "authorName": "mpackard@wayfair.com",
    "date": "Wed, 10 Jan 2018 15:25:16 -0500",
    "filesAdded": [
      {
        "path": "README.md",
      },
    ],
    "filesDeleted": [],
    "filesModified": [],
    "filesRenamed": [],
    "hash": "226f032eb87ac1eb18b7212eeaf1356980a9ae03",
    "message": "add README",
  },
]
`;
